/home/mpi/.bootseq/seq/bootscreen_00000.jpg
/home/mpi/.bootseq/seq/bootscreen_00001.jpg
/home/mpi/.bootseq/seq/bootscreen_00002.jpg
/home/mpi/.bootseq/seq/bootscreen_00003.jpg
/home/mpi/.bootseq/seq/bootscreen_00004.jpg
/home/mpi/.bootseq/seq/bootscreen_00005.jpg
/home/mpi/.bootseq/seq/bootscreen_00006.jpg
/home/mpi/.bootseq/seq/bootscreen_00007.jpg
/home/mpi/.bootseq/seq/bootscreen_00008.jpg
/home/mpi/.bootseq/seq/bootscreen_00009.jpg
/home/mpi/.bootseq/seq/bootscreen_00010.jpg
/home/mpi/.bootseq/seq/bootscreen_00011.jpg
/home/mpi/.bootseq/seq/bootscreen_00012.jpg
/home/mpi/.bootseq/seq/bootscreen_00013.jpg
/home/mpi/.bootseq/seq/bootscreen_00014.jpg
/home/mpi/.bootseq/seq/bootscreen_00015.jpg
/home/mpi/.bootseq/seq/bootscreen_00016.jpg
/home/mpi/.bootseq/seq/bootscreen_00017.jpg
/home/mpi/.bootseq/seq/bootscreen_00018.jpg
/home/mpi/.bootseq/seq/bootscreen_00019.jpg
/home/mpi/.bootseq/seq/bootscreen_00020.jpg
/home/mpi/.bootseq/seq/bootscreen_00021.jpg
/home/mpi/.bootseq/seq/bootscreen_00022.jpg
/home/mpi/.bootseq/seq/bootscreen_00023.jpg
/home/mpi/.bootseq/seq/bootscreen_00024.jpg
/home/mpi/.bootseq/seq/bootscreen_00025.jpg
/home/mpi/.bootseq/seq/bootscreen_00026.jpg
/home/mpi/.bootseq/seq/bootscreen_00027.jpg
/home/mpi/.bootseq/seq/bootscreen_00028.jpg
/home/mpi/.bootseq/seq/bootscreen_00029.jpg
/home/mpi/.bootseq/seq/bootscreen_00030.jpg
/home/mpi/.bootseq/seq/bootscreen_00031.jpg
/home/mpi/.bootseq/seq/bootscreen_00032.jpg
/home/mpi/.bootseq/seq/bootscreen_00033.jpg
/home/mpi/.bootseq/seq/bootscreen_00034.jpg
/home/mpi/.bootseq/seq/bootscreen_00035.jpg
/home/mpi/.bootseq/seq/bootscreen_00036.jpg
/home/mpi/.bootseq/seq/bootscreen_00037.jpg
/home/mpi/.bootseq/seq/bootscreen_00038.jpg
/home/mpi/.bootseq/seq/bootscreen_00039.jpg
/home/mpi/.bootseq/seq/bootscreen_00040.jpg
/home/mpi/.bootseq/seq/bootscreen_00041.jpg
/home/mpi/.bootseq/seq/bootscreen_00042.jpg
/home/mpi/.bootseq/seq/bootscreen_00043.jpg
/home/mpi/.bootseq/seq/bootscreen_00044.jpg
/home/mpi/.bootseq/seq/bootscreen_00045.jpg
/home/mpi/.bootseq/seq/bootscreen_00046.jpg
/home/mpi/.bootseq/seq/bootscreen_00047.jpg
/home/mpi/.bootseq/seq/bootscreen_00048.jpg
/home/mpi/.bootseq/seq/bootscreen_00049.jpg
/home/mpi/.bootseq/seq/bootscreen_00050.jpg
/home/mpi/.bootseq/seq/bootscreen_00051.jpg
/home/mpi/.bootseq/seq/bootscreen_00052.jpg
/home/mpi/.bootseq/seq/bootscreen_00053.jpg
/home/mpi/.bootseq/seq/bootscreen_00054.jpg
/home/mpi/.bootseq/seq/bootscreen_00055.jpg
/home/mpi/.bootseq/seq/bootscreen_00056.jpg
/home/mpi/.bootseq/seq/bootscreen_00057.jpg
/home/mpi/.bootseq/seq/bootscreen_00058.jpg
/home/mpi/.bootseq/seq/bootscreen_00059.jpg
/home/mpi/.bootseq/seq/bootscreen_00060.jpg
/home/mpi/.bootseq/seq/bootscreen_00061.jpg
/home/mpi/.bootseq/seq/bootscreen_00062.jpg
/home/mpi/.bootseq/seq/bootscreen_00063.jpg
/home/mpi/.bootseq/seq/bootscreen_00064.jpg
/home/mpi/.bootseq/seq/bootscreen_00065.jpg
/home/mpi/.bootseq/seq/bootscreen_00066.jpg
/home/mpi/.bootseq/seq/bootscreen_00067.jpg
/home/mpi/.bootseq/seq/bootscreen_00068.jpg
/home/mpi/.bootseq/seq/bootscreen_00069.jpg